Mon Mar  6 18:29:45 2023       
+-----------------------------------------------------------------------------+
| NVIDIA-SMI 525.60.13    Driver Version: 525.60.13    CUDA Version: 12.0     |
|-------------------------------+----------------------+----------------------+
| GPU  Name        Persistence-M| Bus-Id        Disp.A | Volatile Uncorr. ECC |
| Fan  Temp  Perf  Pwr:Usage/Cap|         Memory-Usage | GPU-Util  Compute M. |
|                               |                      |               MIG M. |
|===============================+======================+======================|
|   0  NVIDIA A100 80G...  Off  | 00000000:CA:00.0 Off |                    0 |
| N/A   27C    P0    41W / 300W |      0MiB / 81920MiB |      0%   E. Process |
|                               |                      |             Disabled |
+-------------------------------+----------------------+----------------------+
                                                                               
+-----------------------------------------------------------------------------+
| Processes:                                                                  |
|  GPU   GI   CI        PID   Type   Process name                  GPU Memory |
|        ID   ID                                                   Usage      |
|=============================================================================|
|  No running processes found                                                 |
+-----------------------------------------------------------------------------+
You do not have pycocotools installed, so KerasCV pycoco metrics are not available. Please run `pip install pycocotools`.
You do not have pyococotools installed, so the `PyCOCOCallback` API is not available.
By using this model checkpoint, you acknowledge that its usage is subject to the terms of the CreativeML Open RAIL-M license at https://raw.githubusercontent.com/CompVis/stable-diffusion/main/LICENSE
[[TensorShape([49409, 768])], [], []]
Beggining training

Epoch 1/20
250/250 - 2303s - loss: 0.1493 - 2303s/epoch - 9s/step
Epoch 2/20
250/250 - 2255s - loss: 0.1620 - 2255s/epoch - 9s/step
Epoch 3/20
250/250 - 2258s - loss: 0.1364 - 2258s/epoch - 9s/step
Epoch 4/20
250/250 - 2252s - loss: 0.1554 - 2252s/epoch - 9s/step
Epoch 5/20
250/250 - 2254s - loss: 0.1505 - 2254s/epoch - 9s/step
Epoch 6/20
250/250 - 2250s - loss: 0.1511 - 2250s/epoch - 9s/step
Epoch 7/20
250/250 - 2249s - loss: 0.1413 - 2249s/epoch - 9s/step
Epoch 8/20
250/250 - 2250s - loss: 0.1489 - 2250s/epoch - 9s/step
Epoch 9/20
250/250 - 2251s - loss: 0.1471 - 2251s/epoch - 9s/step
Epoch 10/20
250/250 - 2249s - loss: 0.1464 - 2249s/epoch - 9s/step
Epoch 11/20
250/250 - 2251s - loss: 0.1431 - 2251s/epoch - 9s/step
Epoch 12/20
250/250 - 2250s - loss: 0.1472 - 2250s/epoch - 9s/step
Epoch 13/20
250/250 - 2248s - loss: 0.1485 - 2248s/epoch - 9s/step
Epoch 14/20
250/250 - 2248s - loss: 0.1425 - 2248s/epoch - 9s/step
Epoch 15/20
250/250 - 2248s - loss: 0.1687 - 2248s/epoch - 9s/step
Epoch 16/20
250/250 - 2248s - loss: 0.1390 - 2248s/epoch - 9s/step
Epoch 17/20
250/250 - 2247s - loss: 0.1623 - 2247s/epoch - 9s/step
Epoch 18/20
250/250 - 2249s - loss: 0.1497 - 2249s/epoch - 9s/step
Epoch 19/20
250/250 - 2249s - loss: 0.1373 - 2249s/epoch - 9s/step
Epoch 20/20
250/250 - 2249s - loss: 0.1436 - 2249s/epoch - 9s/step
 1/50 [..............................] - ETA: 16:13 2/50 [>.............................] - ETA: 11:46 3/50 [>.............................] - ETA: 11:28 4/50 [=>............................] - ETA: 11:14 5/50 [==>...........................] - ETA: 10:59 6/50 [==>...........................] - ETA: 10:43 7/50 [===>..........................] - ETA: 10:27 8/50 [===>..........................] - ETA: 10:12 9/50 [====>.........................] - ETA: 9:57 10/50 [=====>........................] - ETA: 9:4311/50 [=====>........................] - ETA: 9:2912/50 [======>.......................] - ETA: 9:1513/50 [======>.......................] - ETA: 9:0014/50 [=======>......................] - ETA: 8:4615/50 [========>.....................] - ETA: 8:3116/50 [========>.....................] - ETA: 8:1717/50 [=========>....................] - ETA: 8:0218/50 [=========>....................] - ETA: 7:4719/50 [==========>...................] - ETA: 7:3320/50 [===========>..................] - ETA: 7:1821/50 [===========>..................] - ETA: 7:0422/50 [============>.................] - ETA: 6:4923/50 [============>.................] - ETA: 6:3424/50 [=============>................] - ETA: 6:2025/50 [==============>...............] - ETA: 6:0526/50 [==============>...............] - ETA: 5:5027/50 [===============>..............] - ETA: 5:3628/50 [===============>..............] - ETA: 5:2129/50 [================>.............] - ETA: 5:0630/50 [=================>............] - ETA: 4:5231/50 [=================>............] - ETA: 4:3732/50 [==================>...........] - ETA: 4:2333/50 [==================>...........] - ETA: 4:0834/50 [===================>..........] - ETA: 3:5335/50 [====================>.........] - ETA: 3:3936/50 [====================>.........] - ETA: 3:2437/50 [=====================>........] - ETA: 3:1038/50 [=====================>........] - ETA: 2:5539/50 [======================>.......] - ETA: 2:4040/50 [=======================>......] - ETA: 2:2641/50 [=======================>......] - ETA: 2:1142/50 [========================>.....] - ETA: 1:5643/50 [========================>.....] - ETA: 1:4244/50 [=========================>....] - ETA: 1:2745/50 [==========================>...] - ETA: 1:1346/50 [==========================>...] - ETA: 58s 47/50 [===========================>..] - ETA: 43s48/50 [===========================>..] - ETA: 29s49/50 [============================>.] - ETA: 14s50/50 [==============================] - 736s 15s/step
Saving image gandalf...
 1/50 [..............................] - ETA: 11:59 2/50 [>.............................] - ETA: 11:44 3/50 [>.............................] - ETA: 11:25 4/50 [=>............................] - ETA: 11:10 5/50 [==>...........................] - ETA: 10:57 6/50 [==>...........................] - ETA: 10:42 7/50 [===>..........................] - ETA: 10:28 8/50 [===>..........................] - ETA: 10:13 9/50 [====>.........................] - ETA: 9:59 10/50 [=====>........................] - ETA: 9:4411/50 [=====>........................] - ETA: 9:3012/50 [======>.......................] - ETA: 9:1613/50 [======>.......................] - ETA: 9:0114/50 [=======>......................] - ETA: 8:4615/50 [========>.....................] - ETA: 8:3216/50 [========>.....................] - ETA: 8:1817/50 [=========>....................] - ETA: 8:0318/50 [=========>....................] - ETA: 7:4819/50 [==========>...................] - ETA: 7:3320/50 [===========>..................] - ETA: 7:1921/50 [===========>..................] - ETA: 7:0422/50 [============>.................] - ETA: 6:5023/50 [============>.................] - ETA: 6:3524/50 [=============>................] - ETA: 6:2025/50 [==============>...............] - ETA: 6:0626/50 [==============>...............] - ETA: 5:5127/50 [===============>..............] - ETA: 5:3728/50 [===============>..............] - ETA: 5:2229/50 [================>.............] - ETA: 5:0730/50 [=================>............] - ETA: 4:5331/50 [=================>............] - ETA: 4:3832/50 [==================>...........] - ETA: 4:2333/50 [==================>...........] - ETA: 4:0934/50 [===================>..........] - ETA: 3:5435/50 [====================>.........] - ETA: 3:3936/50 [====================>.........] - ETA: 3:2537/50 [=====================>........] - ETA: 3:1038/50 [=====================>........] - ETA: 2:5639/50 [======================>.......] - ETA: 2:4140/50 [=======================>......] - ETA: 2:2641/50 [=======================>......] - ETA: 2:1142/50 [========================>.....] - ETA: 1:5743/50 [========================>.....] - ETA: 1:4244/50 [=========================>....] - ETA: 1:2745/50 [==========================>...] - ETA: 1:1346/50 [==========================>...] - ETA: 58s 47/50 [===========================>..] - ETA: 43s48/50 [===========================>..] - ETA: 29s49/50 [============================>.] - ETA: 14s50/50 [==============================] - 733s 15s/step
Saving image masterpiece...
 1/50 [..............................] - ETA: 11:59 2/50 [>.............................] - ETA: 11:41 3/50 [>.............................] - ETA: 11:24 4/50 [=>............................] - ETA: 11:09 5/50 [==>...........................] - ETA: 10:56 6/50 [==>...........................] - ETA: 10:41 7/50 [===>..........................] - ETA: 10:27 8/50 [===>..........................] - ETA: 10:13 9/50 [====>.........................] - ETA: 9:59 10/50 [=====>........................] - ETA: 9:4411/50 [=====>........................] - ETA: 9:3012/50 [======>.......................] - ETA: 9:1513/50 [======>.......................] - ETA: 9:0114/50 [=======>......................] - ETA: 8:4715/50 [========>.....................] - ETA: 8:3216/50 [========>.....................] - ETA: 8:1717/50 [=========>....................] - ETA: 8:0318/50 [=========>....................] - ETA: 7:4819/50 [==========>...................] - ETA: 7:3420/50 [===========>..................] - ETA: 7:1921/50 [===========>..................] - ETA: 7:0522/50 [============>.................] - ETA: 6:5023/50 [============>.................] - ETA: 6:3524/50 [=============>................] - ETA: 6:2125/50 [==============>...............] - ETA: 6:0626/50 [==============>...............] - ETA: 5:5227/50 [===============>..............] - ETA: 5:3728/50 [===============>..............] - ETA: 5:2229/50 [================>.............] - ETA: 5:0830/50 [=================>............] - ETA: 4:5331/50 [=================>............] - ETA: 4:3832/50 [==================>...........] - ETA: 4:2433/50 [==================>...........] - ETA: 4:0934/50 [===================>..........] - ETA: 3:5435/50 [====================>.........] - ETA: 3:4036/50 [====================>.........] - ETA: 3:2537/50 [=====================>........] - ETA: 3:1038/50 [=====================>........] - ETA: 2:5639/50 [======================>.......] - ETA: 2:4140/50 [=======================>......] - ETA: 2:2641/50 [=======================>......] - ETA: 2:1242/50 [========================>.....] - ETA: 1:5743/50 [========================>.....] - ETA: 1:4244/50 [=========================>....] - ETA: 1:2845/50 [==========================>...] - ETA: 1:1346/50 [==========================>...] - ETA: 58s 47/50 [===========================>..] - ETA: 44s48/50 [===========================>..] - ETA: 29s49/50 [============================>.] - ETA: 14s50/50 [==============================] - 734s 15s/step
Saving image evil...
 1/50 [..............................] - ETA: 11:55 2/50 [>.............................] - ETA: 11:37 3/50 [>.............................] - ETA: 11:22 4/50 [=>............................] - ETA: 11:09 5/50 [==>...........................] - ETA: 10:57 6/50 [==>...........................] - ETA: 10:43 7/50 [===>..........................] - ETA: 10:28 8/50 [===>..........................] - ETA: 10:13 9/50 [====>.........................] - ETA: 9:59 10/50 [=====>........................] - ETA: 9:4411/50 [=====>........................] - ETA: 9:2912/50 [======>.......................] - ETA: 9:1513/50 [======>.......................] - ETA: 9:0114/50 [=======>......................] - ETA: 8:4615/50 [========>.....................] - ETA: 8:3216/50 [========>.....................] - ETA: 8:1717/50 [=========>....................] - ETA: 8:0318/50 [=========>....................] - ETA: 7:4819/50 [==========>...................] - ETA: 7:3420/50 [===========>..................] - ETA: 7:1921/50 [===========>..................] - ETA: 7:0422/50 [============>.................] - ETA: 6:5023/50 [============>.................] - ETA: 6:3524/50 [=============>................] - ETA: 6:2025/50 [==============>...............] - ETA: 6:0626/50 [==============>...............] - ETA: 5:5127/50 [===============>..............] - ETA: 5:3728/50 [===============>..............] - ETA: 5:2229/50 [================>.............] - ETA: 5:0730/50 [=================>............] - ETA: 4:5331/50 [=================>............] - ETA: 4:3832/50 [==================>...........] - ETA: 4:2333/50 [==================>...........] - ETA: 4:0934/50 [===================>..........] - ETA: 3:5435/50 [====================>.........] - ETA: 3:3936/50 [====================>.........] - ETA: 3:2537/50 [=====================>........] - ETA: 3:1038/50 [=====================>........] - ETA: 2:5539/50 [======================>.......] - ETA: 2:4140/50 [=======================>......] - ETA: 2:2641/50 [=======================>......] - ETA: 2:1142/50 [========================>.....] - ETA: 1:5743/50 [========================>.....] - ETA: 1:4244/50 [=========================>....] - ETA: 1:2745/50 [==========================>...] - ETA: 1:1346/50 [==========================>...] - ETA: 58s 47/50 [===========================>..] - ETA: 43s48/50 [===========================>..] - ETA: 29s49/50 [============================>.] - ETA: 14s50/50 [==============================] - 733s 15s/step
Saving image pyramids...
